       4892 events
       4877 events
       4872 events
       4850 events
       4839 events
       4785 events
       4775 events
       4773 events
       4709 events
       4692 events
       4678 events
       4662 events
       4645 events
       4606 events
       4604 events
       4594 events
       4593 events
       4580 events
       4576 events
       4511 events
       4489 events
       4453 events
       4448 events
       4442 events
       4419 events
       4414 events
       4403 events
       4397 events
       4330 events
       4297 events
       4202 events
       4195 events
       4188 events
       4177 events
       4146 events
       4116 events
       4033 events
       4005 events
       3998 events
       3989 events
       3961 events
       3960 events
       3951 events
       3948 events
       3942 events
       3926 events
       3919 events
       3913 events
       3900 events
       3886 events
       3866 events
       3851 events
       3837 events
       3829 events
       3813 events
       3785 events
       3779 events
       3716 events
       3674 events
       3653 events
       3595 events
       3594 events
       3568 events
       3537 events
       3516 events
       3457 events
       3454 events
       3412 events
       3349 events
       3339 events
       3337 events
       3328 events
       3314 events
       3300 events
       3283 events
       3283 events
       3273 events
       3252 events
       3236 events
       3230 events
       3196 events
       3139 events
       3088 events
       3073 events
       3047 events
       3040 events
       3034 events
       2945 events
       2935 events
       2933 events
       2920 events
       2874 events
       2867 events
       2779 events
       2746 events
       2744 events
       2663 events
       2614 events
       2536 events
       2494 events
       2434 events
       2413 events
       2394 events
       2393 events
       2347 events
       2266 events
       2261 events
       2225 events
       2220 events
       2192 events
       2188 events
       2074 events
       2050 events
       1928 events
       1925 events
       1923 events
       1912 events
       1889 events
       1866 events
       1843 events
       1793 events
       1763 events
       1735 events
       1726 events
       1716 events
       1703 events
       1663 events
       1627 events
       1600 events
       1586 events
       1543 events
       1519 events
       1413 events
       1348 events
       1332 events
       1280 events
       1264 events
       1250 events
       1203 events
       1181 events
       1171 events
       1116 events
       1105 events
       1059 events
       1058 events
       1030 events
       1010 events
       1002 events
        993 events
        985 events
        982 events
        916 events
        903 events
        849 events
        836 events
        794 events
        793 events
        790 events
        775 events
        760 events
        759 events
        758 events
        755 events
        737 events
        732 events
        721 events
        712 events
        695 events
        689 events
        675 events
        638 events
        625 events
        621 events
        592 events
        575 events
        566 events
        560 events
        557 events
        552 events
        539 events
        538 events
        522 events
        514 events
        479 events
        477 events
        470 events
        460 events
        434 events
        410 events
        365 events
        362 events
        331 events
        300 events
        264 events
        262 events
        245 events
        245 events
        234 events
        222 events
        220 events
        220 events
